// Jest Snapshot v1, https://goo.gl/fbAQLP

exports[`Test Action Header Component snapshot rendering 1`] = `
<DocumentFragment>
  <div
    class="MuiBox-root css-qlplcg"
  >
    <nav
      aria-label="breadcrumb"
      class="MuiTypography-root MuiTypography-body1 MuiBreadcrumbs-root css-63vwl1-MuiTypography-root-MuiBreadcrumbs-root"
    >
      <ol
        class="MuiBreadcrumbs-ol css-4pdmu4-MuiBreadcrumbs-ol"
      >
        <li
          class="MuiBreadcrumbs-li"
        >
          <a
            class="MuiTypography-root MuiTypography-inherit MuiLink-root MuiLink-underlineHover css-bvyohc-MuiTypography-root-MuiLink-root"
          >
            <svg
              aria-hidden="true"
              class="MuiSvgIcon-root MuiSvgIcon-fontSizeMedium css-i4bv87-MuiSvgIcon-root"
              data-testid="HomeIcon"
              focusable="false"
              viewBox="0 0 24 24"
            >
              <path
                d="M10 20v-6h4v6h5v-8h3L12 3 2 12h3v8z"
              />
            </svg>
          </a>
        </li>
        <li
          aria-hidden="true"
          class="MuiBreadcrumbs-separator css-1wuw8dw-MuiBreadcrumbs-separator"
        >
          /
        </li>
        <li
          class="MuiBreadcrumbs-li"
        >
          <a
            class="MuiTypography-root MuiTypography-inherit MuiLink-root MuiLink-underlineHover css-bvyohc-MuiTypography-root-MuiLink-root"
          >
            <p
              class="MuiTypography-root MuiTypography-body1 css-1dzd4o2-MuiTypography-root"
            >
              partner
            </p>
          </a>
        </li>
        <li
          aria-hidden="true"
          class="MuiBreadcrumbs-separator css-1wuw8dw-MuiBreadcrumbs-separator"
        >
          /
        </li>
        <li
          class="MuiBreadcrumbs-li"
        >
          <a
            class="MuiTypography-root MuiTypography-inherit MuiLink-root MuiLink-underlineHover css-bvyohc-MuiTypography-root-MuiLink-root"
          >
            <p
              class="MuiTypography-root MuiTypography-body1 css-1dzd4o2-MuiTypography-root"
            >
              test
            </p>
          </a>
        </li>
      </ol>
    </nav>
    <div
      class="MuiBox-root css-4tea8"
    >
      <div
        class="MuiAutocomplete-root css-4lnbko-MuiAutocomplete-root"
      >
        <div
          class="MuiFormControl-root MuiFormControl-fullWidth MuiTextField-root css-wb57ya-MuiFormControl-root-MuiTextField-root"
        >
          <label
            class="MuiFormLabel-root MuiInputLabel-root MuiInputLabel-formControl MuiInputLabel-animated MuiInputLabel-sizeMedium MuiInputLabel-outlined MuiFormLabel-colorPrimary MuiInputLabel-root MuiInputLabel-formControl MuiInputLabel-animated MuiInputLabel-sizeMedium MuiInputLabel-outlined css-14s5rfu-MuiFormLabel-root-MuiInputLabel-root"
            data-shrink="false"
            for="free-solo-2-demo"
            id="free-solo-2-demo-label"
          >
            Search
          </label>
          <div
            class="MuiInputBase-root MuiOutlinedInput-root MuiInputBase-colorPrimary MuiInputBase-fullWidth MuiInputBase-formControl MuiAutocomplete-inputRoot css-md26zr-MuiInputBase-root-MuiOutlinedInput-root"
          >
            <input
              aria-autocomplete="list"
              aria-expanded="false"
              aria-invalid="false"
              autocapitalize="none"
              autocomplete="off"
              class="MuiInputBase-input MuiOutlinedInput-input MuiInputBase-inputTypeSearch MuiAutocomplete-input MuiAutocomplete-inputFocused css-1g24dm6-MuiInputBase-input-MuiOutlinedInput-input"
              id="free-solo-2-demo"
              role="combobox"
              spellcheck="false"
              type="search"
              value=""
            />
            <fieldset
              aria-hidden="true"
              class="MuiOutlinedInput-notchedOutline css-1d3z3hw-MuiOutlinedInput-notchedOutline"
            >
              <legend
                class="css-yjsfm1"
              >
                <span>
                  Search
                </span>
              </legend>
            </fieldset>
          </div>
        </div>
      </div>
      <button
        class="MuiButtonBase-root MuiButton-root MuiButton-contained MuiButton-containedSuccess MuiButton-sizeMedium MuiButton-containedSizeMedium MuiButton-colorSuccess MuiButton-root MuiButton-contained MuiButton-containedSuccess MuiButton-sizeMedium MuiButton-containedSizeMedium MuiButton-colorSuccess css-ke5b6m-MuiButtonBase-root-MuiButton-root"
        tabindex="0"
        type="button"
      >
        <span
          class="MuiButton-icon MuiButton-startIcon MuiButton-iconSizeMedium css-1d6wzja-MuiButton-startIcon"
        >
          <svg
            aria-hidden="true"
            class="MuiSvgIcon-root MuiSvgIcon-fontSizeMedium css-i4bv87-MuiSvgIcon-root"
            data-testid="AddIcon"
            focusable="false"
            viewBox="0 0 24 24"
          >
            <path
              d="M19 13h-6v6h-2v-6H5v-2h6V5h2v6h6z"
            />
          </svg>
        </span>
        Add
        <span
          class="MuiTouchRipple-root css-8je8zh-MuiTouchRipple-root"
        />
      </button>
    </div>
  </div>
</DocumentFragment>
`;
