// Jest Snapshot v1, https://goo.gl/fbAQLP

exports[`Test Rendering snapshot rendering 1`] = `
<DocumentFragment>
  <div
    class="MuiPaper-root MuiPaper-elevation MuiPaper-rounded MuiPaper-elevation1 css-1cll31s-MuiPaper-root"
  >
    <div
      class="MuiTableContainer-root css-1qnqjkx-MuiTableContainer-root"
    >
      <table
        aria-label="sticky table"
        class="MuiTable-root MuiTable-stickyHeader css-xn82ks-MuiTable-root"
      >
        <thead
          class="MuiTableHead-root css-15wwp11-MuiTableHead-root"
        >
          <tr
            class="MuiTableRow-root MuiTableRow-head css-1q1u3t4-MuiTableRow-root"
          >
            <th
              class="MuiTableCell-root MuiTableCell-head MuiTableCell-stickyHeader MuiTableCell-sizeMedium css-y8ay40-MuiTableCell-root"
              scope="col"
              style="min-width: 10px; font-weight: bold; font-size: 1rem;"
            >
              No.
            </th>
            <th
              class="MuiTableCell-root MuiTableCell-head MuiTableCell-stickyHeader MuiTableCell-sizeMedium css-y8ay40-MuiTableCell-root"
              scope="col"
              style="min-width: 170px; font-weight: bold; font-size: 1rem;"
            >
              Name
            </th>
            <th
              class="MuiTableCell-root MuiTableCell-head MuiTableCell-stickyHeader MuiTableCell-sizeMedium css-y8ay40-MuiTableCell-root"
              scope="col"
              style="min-width: 170px; font-weight: bold; font-size: 1rem;"
            >
              Description
            </th>
            <th
              class="MuiTableCell-root MuiTableCell-head MuiTableCell-stickyHeader MuiTableCell-sizeMedium css-y8ay40-MuiTableCell-root"
              scope="col"
              style="min-width: 170px; font-weight: bold; font-size: 1rem;"
            >
              Last Update
            </th>
            <th
              class="MuiTableCell-root MuiTableCell-head MuiTableCell-stickyHeader MuiTableCell-sizeMedium css-y8ay40-MuiTableCell-root"
              scope="col"
              style="min-width: 70px; font-weight: bold; font-size: 1rem;"
            >
              Status
            </th>
            <th
              class="MuiTableCell-root MuiTableCell-head MuiTableCell-stickyHeader MuiTableCell-sizeMedium css-y8ay40-MuiTableCell-root"
              scope="col"
            />
          </tr>
        </thead>
        <tbody
          class="MuiTableBody-root css-apqrd9-MuiTableBody-root"
        />
      </table>
    </div>
    <div
      class="MuiTablePagination-root css-14ed2tk-MuiTablePagination-root"
    >
      <div
        class="MuiToolbar-root MuiToolbar-gutters MuiToolbar-regular MuiTablePagination-toolbar css-78c6dr-MuiToolbar-root-MuiTablePagination-toolbar"
      >
        <div
          class="MuiTablePagination-spacer css-1psng7p-MuiTablePagination-spacer"
        />
        <p
          class="MuiTablePagination-selectLabel css-pdct74-MuiTablePagination-selectLabel"
          id=":r1:"
        >
          Rows per page:
        </p>
        <div
          class="MuiInputBase-root MuiInputBase-colorPrimary MuiTablePagination-input css-16c50h-MuiInputBase-root-MuiTablePagination-select"
        >
          <div
            aria-controls=":r2:"
            aria-expanded="false"
            aria-haspopup="listbox"
            aria-labelledby=":r1: :r0:"
            class="MuiSelect-select MuiTablePagination-select MuiSelect-standard MuiInputBase-input css-194a1fa-MuiSelect-select-MuiInputBase-input"
            id=":r0:"
            role="combobox"
            tabindex="0"
          >
            10
          </div>
          <input
            aria-hidden="true"
            aria-invalid="false"
            class="MuiSelect-nativeInput css-yf8vq0-MuiSelect-nativeInput"
            tabindex="-1"
            value="10"
          />
          <svg
            aria-hidden="true"
            class="MuiSvgIcon-root MuiSvgIcon-fontSizeMedium MuiSelect-icon MuiTablePagination-selectIcon MuiSelect-iconStandard css-pqjvzy-MuiSvgIcon-root-MuiSelect-icon"
            data-testid="ArrowDropDownIcon"
            focusable="false"
            viewBox="0 0 24 24"
          >
            <path
              d="M7 10l5 5 5-5z"
            />
          </svg>
        </div>
        <p
          class="MuiTablePagination-displayedRows css-levciy-MuiTablePagination-displayedRows"
        >
          0â€“0 of 0
        </p>
        <div
          class="MuiTablePagination-actions"
        >
          <button
            aria-label="Go to previous page"
            class="MuiButtonBase-root Mui-disabled MuiIconButton-root Mui-disabled MuiIconButton-colorInherit MuiIconButton-sizeMedium css-zylse7-MuiButtonBase-root-MuiIconButton-root"
            disabled=""
            tabindex="-1"
            title="Go to previous page"
            type="button"
          >
            <svg
              aria-hidden="true"
              class="MuiSvgIcon-root MuiSvgIcon-fontSizeMedium css-i4bv87-MuiSvgIcon-root"
              data-testid="KeyboardArrowLeftIcon"
              focusable="false"
              viewBox="0 0 24 24"
            >
              <path
                d="M15.41 16.09l-4.58-4.59 4.58-4.59L14 5.5l-6 6 6 6z"
              />
            </svg>
          </button>
          <button
            aria-label="Go to next page"
            class="MuiButtonBase-root Mui-disabled MuiIconButton-root Mui-disabled MuiIconButton-colorInherit MuiIconButton-sizeMedium css-zylse7-MuiButtonBase-root-MuiIconButton-root"
            disabled=""
            tabindex="-1"
            title="Go to next page"
            type="button"
          >
            <svg
              aria-hidden="true"
              class="MuiSvgIcon-root MuiSvgIcon-fontSizeMedium css-i4bv87-MuiSvgIcon-root"
              data-testid="KeyboardArrowRightIcon"
              focusable="false"
              viewBox="0 0 24 24"
            >
              <path
                d="M8.59 16.34l4.58-4.59-4.58-4.59L10 5.75l6 6-6 6z"
              />
            </svg>
          </button>
        </div>
      </div>
    </div>
  </div>
</DocumentFragment>
`;
